                                   ╭───────╮
                                   │ Start │
                                   ╰───┬───╯
                                       │
                                ╭──────┴──────╮
                           
                                ▼             ▼
                            ╭──────╮      ╭───────╮
                            │ Left │      │ Right │
                            ╰───┬──╯      ╰───┬───╯
                                │             │
                                ▼             ▼
                            ╭───────╮    ╭─────────╮
                            │ Merge │    │ ↩ Merge │
                            ╰───┬───╯    ╰─────────╯
                                │
                                ▼
                           ╭────────╮
                           │ ↩ Left │
                           ╰────────╯