  ╭───────────╮     ╭─────────╮     ╭─────────╮     ╭────────────╮     ╭──────────╮     ╭────────╮     ╭──────────────╮     ╭─────────╮     ╭───────────────╮
  │ Rectangle ├────▶│ Rounded ├────▶│ Stadium ├────▶│ Subroutine ├────▶│ Database ├────▶│ Circle ├────▶│ ◇ Decision ◇ ├────▶│ Hexagon ├────▶│ Quoted; label │
  ╰───────────╯     ╰─────────╯     ╰─────────╯     ╰────────────╯     ╰──────────╯     ╰────────╯     ╰──────────────╯     ╰─────────╯     ╰───────────────╯