                          ╭───────╮
                          │ First │
                          ╰───┬───╯
                              │
                              ▼
                         ╭────────╮
                         │ Second │
                         ╰────────╯

                          ╭───────╮
                          │ Third │
                          ╰───┬───╯
                              │
                              ▼
                         ╭────────╮
                         │ Fourth │
                         ╰────────╯

                     ╭────────────────╮
                     │ No connections │
                     ╰────────────────╯