

                                ╭─ Platform ───────╮
                                │                  │
                                │  ╭─────────╮     │
                                │  │ Gateway │     │
                                │  ╰────┬────╯     │
                                │       │          │
                                │       ▼          │
                                │   ╭──────╮       │
                                │   │ API  │       │
                                │   ╰───┬──╯       │
                                │╭─ Services ───╮  │
                                ││      ▼       │  │
                                ││╭──────────╮  │  │
                                │││ Database │  │  │
                                ││╰──────────╯  │  │
                                │╰──────────────╯  │
                                ╰──────────────────╯

