                   ╭────────╮     ╭──────────╮
                   │ Finish │◀────┤ Option A │◀──Yes╮
                   ╰────────╯     ╰──────────╯      │ ╭──────────────╮     ╭───────╮
                                                    ├─┤ ◇ Decision ◇ │◀────┤ Start │
                 ╭──────────╮     ╭──────────╮      │ ╰──────────────╯     ╰───────╯
                 │ ↩ Finish │◀────┤ Option B │◀───No╯
                 ╰──────────╯     ╰──────────╯