        ╭──────╮                ╭─────────╮               ╭──────╮               ╭──────────╮
        │ User │                │ Web App │               │ API  │               │ Database │
        ╰───┬──╯                ╰────┬────╯               ╰───┬──╯               ╰─────┬────╯
            │                        │                        │                        │
            ├────── Submit form ─────▶                        │                        │
            │                        │                        │                        │
            │                        ├────── POST /items ─────▶                        │
            │                        │                        │                        │
            │                        │                        ├─────── Save item ──────▶
            │                        │                        │                        │
            │                        │                        ◀────── Item saved ──────┤
            │                        │                        │                        │
            │                        ◀────── 201 Created ─────┤                        │
            │                        │                        │                        │
            ◀───── Show success ─────┤                        │                        │
            │                        │                        │                        │