         ╭───────────╮                 ╭───────────╮
         │ Service A │                 │ Service B │
         ╰─────┬─────╯                 ╰─────┬─────╯
               │                             │
   ╭────────╮  │                             │
   │ Before │  │                             │
   ╰────────╯  │                             │
               │                             │
               │    ╭──────────────────╮     │
               │    │ Waiting for work │     │
               │    ╰──────────────────╯     │
               │                             │
               │                             │ ╭────────╮
               │                             │ │ After  │
               │                             │ ╰────────╯
               │                             │