          ╭────────╮                     ╭───────╮
          │ Worker │                     │ Queue │
          ╰────┬───╯                     ╰───┬───╯
               │                             │
               ├── Validate payload ──↩      │
               │                             │
               ├──────── Publish job ────────▶
               │                             │
               ◀────────── Accepted ─────────┤
               │                             │