             ╭─ Agents ─────────────────────────╮     ╭─ Infrastructure ───────────────╮
             │                                  │     │                                │
             │╭────────╮         ╭───────────╮  │     │╭─────────╮         ╭────────╮  │
             ││ Router ├────────▶│ Developer ├────────▶│ Runtime ├────────▶│ Docker │  │
             │╰────────╯         ╰───────────╯  │     │╰─────────╯         ╰────────╯  │
             ╰──────────────────────────────────╯     ╰────────────────────────────────╯
