                                        ╭───────╮
                                        │ Start │
                                        ╰───┬───╯
                                            │
                                            ▼
                                        ╭──────╮
                                        │ Idle │
                                        ╰───┬──╯
                                            │ begin
                                            ▼
                                 ╭────────────────────╮
                                 │ Processing request │
                                 ╰──────────┬─────────╯
                                            │
                           ╭────────────────┴────────────────╮
                         retry                reset       compl…
                           ▼                    ▼            ▼
                      ╭─────────╮          ╭────────╮    ╭──────╮
                      │ Waiting │          │ ↩ Idle │    │ End  │
                      ╰────┬────╯          ╰────────╯    ╰──────╯
                           │ resume
                           ▼
               ╭──────────────────────╮
               │ ↩ Processing request │
               ╰──────────────────────╯