                                                             ╭─ Backend ────╮
                                                             │              │
                                                             │╭──────────╮  │
                                                      ╭──────▶│ Database │  │
                          ╭────────╮         ╭──────╮ │      │╰──────────╯  │
                          │ Client ├────────▶│ API  ├─┤      │              │
                          ╰────────╯         ╰──────╯ │      │╭───────╮     │
                                                      ╰──────▶│ Cache │     │
                                                             │╰───────╯     │
                                                             ╰──────────────╯
